Archive member included to satisfy reference by file (symbol)

C:\Users\Besitzer\Documents\Studium\WiSe2020\01_Labor Datentechnik\Workspace\lcd_shield_lib\Debug\liblcd_shield_lib.a(lcd_shield.o)
                              src/main.o (lcd_set_backlight_color)
C:\Users\Besitzer\Documents\Studium\WiSe2020\01_Labor Datentechnik\Workspace\lcd_shield_lib\Debug\liblcd_shield_lib.a(mcp23017.o)
                              C:\Users\Besitzer\Documents\Studium\WiSe2020\01_Labor Datentechnik\Workspace\lcd_shield_lib\Debug\liblcd_shield_lib.a(lcd_shield.o) (mcp23017_read_reg)
C:\Users\Besitzer\Documents\Studium\WiSe2020\01_Labor Datentechnik\Workspace\lcd_shield_lib\Debug\liblcd_shield_lib.a(systick.o)
                              C:\Users\Besitzer\Documents\Studium\WiSe2020\01_Labor Datentechnik\Workspace\lcd_shield_lib\Debug\liblcd_shield_lib.a(lcd_shield.o) (systick_setup)
C:\Users\Besitzer\Documents\Studium\WiSe2020\01_Labor Datentechnik\Workspace\lcd_shield_lib\Debug\liblcd_shield_lib.a(clock.o)
                              C:\Users\Besitzer\Documents\Studium\WiSe2020\01_Labor Datentechnik\Workspace\lcd_shield_lib\Debug\liblcd_shield_lib.a(lcd_shield.o) (clock_setup_16MHz)
C:\Users\Besitzer\Documents\Studium\WiSe2020\01_Labor Datentechnik\Workspace\lcd_shield_lib\Debug\liblcd_shield_lib.a(i2c.o)
                              C:\Users\Besitzer\Documents\Studium\WiSe2020\01_Labor Datentechnik\Workspace\lcd_shield_lib\Debug\liblcd_shield_lib.a(lcd_shield.o) (i2c_setup)
c:/ac6/systemworkbench/plugins/fr.ac6.mcu.externaltools.arm-none.win32_1.17.0.201812190825/tools/compiler/bin/../lib/gcc/arm-none-eabi/7.3.1/../../../../arm-none-eabi/lib/thumb/v6-m\libm.a(lib_a-w_log10.o)
                              src/main.o (log10)
c:/ac6/systemworkbench/plugins/fr.ac6.mcu.externaltools.arm-none.win32_1.17.0.201812190825/tools/compiler/bin/../lib/gcc/arm-none-eabi/7.3.1/../../../../arm-none-eabi/lib/thumb/v6-m\libm.a(lib_a-e_log10.o)
                              c:/ac6/systemworkbench/plugins/fr.ac6.mcu.externaltools.arm-none.win32_1.17.0.201812190825/tools/compiler/bin/../lib/gcc/arm-none-eabi/7.3.1/../../../../arm-none-eabi/lib/thumb/v6-m\libm.a(lib_a-w_log10.o) (__ieee754_log10)
c:/ac6/systemworkbench/plugins/fr.ac6.mcu.externaltools.arm-none.win32_1.17.0.201812190825/tools/compiler/bin/../lib/gcc/arm-none-eabi/7.3.1/../../../../arm-none-eabi/lib/thumb/v6-m\libm.a(lib_a-s_lib_ver.o)
                              c:/ac6/systemworkbench/plugins/fr.ac6.mcu.externaltools.arm-none.win32_1.17.0.201812190825/tools/compiler/bin/../lib/gcc/arm-none-eabi/7.3.1/../../../../arm-none-eabi/lib/thumb/v6-m\libm.a(lib_a-w_log10.o) (__fdlib_version)
c:/ac6/systemworkbench/plugins/fr.ac6.mcu.externaltools.arm-none.win32_1.17.0.201812190825/tools/compiler/bin/../lib/gcc/arm-none-eabi/7.3.1/../../../../arm-none-eabi/lib/thumb/v6-m\libm.a(lib_a-s_matherr.o)
                              c:/ac6/systemworkbench/plugins/fr.ac6.mcu.externaltools.arm-none.win32_1.17.0.201812190825/tools/compiler/bin/../lib/gcc/arm-none-eabi/7.3.1/../../../../arm-none-eabi/lib/thumb/v6-m\libm.a(lib_a-w_log10.o) (matherr)
c:/ac6/systemworkbench/plugins/fr.ac6.mcu.externaltools.arm-none.win32_1.17.0.201812190825/tools/compiler/bin/../lib/gcc/arm-none-eabi/7.3.1/../../../../arm-none-eabi/lib/thumb/v6-m\libm.a(lib_a-s_nan.o)
                              c:/ac6/systemworkbench/plugins/fr.ac6.mcu.externaltools.arm-none.win32_1.17.0.201812190825/tools/compiler/bin/../lib/gcc/arm-none-eabi/7.3.1/../../../../arm-none-eabi/lib/thumb/v6-m\libm.a(lib_a-w_log10.o) (nan)
c:/ac6/systemworkbench/plugins/fr.ac6.mcu.externaltools.arm-none.win32_1.17.0.201812190825/tools/compiler/bin/../lib/gcc/arm-none-eabi/7.3.1/../../../../arm-none-eabi/lib/thumb/v6-m\libm.a(lib_a-e_log.o)
                              c:/ac6/systemworkbench/plugins/fr.ac6.mcu.externaltools.arm-none.win32_1.17.0.201812190825/tools/compiler/bin/../lib/gcc/arm-none-eabi/7.3.1/../../../../arm-none-eabi/lib/thumb/v6-m\libm.a(lib_a-e_log10.o) (__ieee754_log)
c:/ac6/systemworkbench/plugins/fr.ac6.mcu.externaltools.arm-none.win32_1.17.0.201812190825/tools/compiler/bin/../lib/gcc/arm-none-eabi/7.3.1/thumb/v6-m\libgcc.a(_udivsi3.o)
                              src/main.o (__aeabi_uidiv)
c:/ac6/systemworkbench/plugins/fr.ac6.mcu.externaltools.arm-none.win32_1.17.0.201812190825/tools/compiler/bin/../lib/gcc/arm-none-eabi/7.3.1/thumb/v6-m\libgcc.a(_divsi3.o)
                              src/main.o (__aeabi_idiv)
c:/ac6/systemworkbench/plugins/fr.ac6.mcu.externaltools.arm-none.win32_1.17.0.201812190825/tools/compiler/bin/../lib/gcc/arm-none-eabi/7.3.1/thumb/v6-m\libgcc.a(_dvmd_tls.o)
                              c:/ac6/systemworkbench/plugins/fr.ac6.mcu.externaltools.arm-none.win32_1.17.0.201812190825/tools/compiler/bin/../lib/gcc/arm-none-eabi/7.3.1/thumb/v6-m\libgcc.a(_udivsi3.o) (__aeabi_idiv0)
[...]
Memory Configuration

Name             Origin             Length             Attributes
FLASH            0x08000000         0x00030000         xr
RAM              0x20000000         0x00005000         xrw
*default*        0x00000000         0xffffffff

Linker script and memory map

LOAD c:/ac6/systemworkbench/plugins/fr.ac6.mcu.externaltools.arm-none.win32_1.17.0.201812190825/tools/compiler/bin/../lib/gcc/arm-none-eabi/7.3.1/thumb/v6-m/crti.o
LOAD c:/ac6/systemworkbench/plugins/fr.ac6.mcu.externaltools.arm-none.win32_1.17.0.201812190825/tools/compiler/bin/../lib/gcc/arm-none-eabi/7.3.1/thumb/v6-m/crtbegin.o
LOAD c:/ac6/systemworkbench/plugins/fr.ac6.mcu.externaltools.arm-none.win32_1.17.0.201812190825/tools/compiler/bin/../lib/gcc/arm-none-eabi/7.3.1/../../../../arm-none-eabi/lib/thumb/v6-m/crt0.o
LOAD src/main.o
LOAD src/system_stm32l0xx.o
LOAD startup/startup_stm32l073xx.o
LOAD C:\Users\Besitzer\Documents\Studium\WiSe2020\01_Labor Datentechnik\Workspace\lcd_shield_lib\Debug\liblcd_shield_lib.a
LOAD c:/ac6/systemworkbench/plugins/fr.ac6.mcu.externaltools.arm-none.win32_1.17.0.201812190825/tools/compiler/bin/../lib/gcc/arm-none-eabi/7.3.1/../../../../arm-none-eabi/lib/thumb/v6-m\libm.a
START GROUP
LOAD c:/ac6/systemworkbench/plugins/fr.ac6.mcu.externaltools.arm-none.win32_1.17.0.201812190825/tools/compiler/bin/../lib/gcc/arm-none-eabi/7.3.1/thumb/v6-m\libgcc.a
LOAD c:/ac6/systemworkbench/plugins/fr.ac6.mcu.externaltools.arm-none.win32_1.17.0.201812190825/tools/compiler/bin/../lib/gcc/arm-none-eabi/7.3.1/../../../../arm-none-eabi/lib/thumb/v6-m\libc.a
END GROUP
LOAD c:/ac6/systemworkbench/plugins/fr.ac6.mcu.externaltools.arm-none.win32_1.17.0.201812190825/tools/compiler/bin/../lib/gcc/arm-none-eabi/7.3.1/thumb/v6-m/crtend.o
LOAD c:/ac6/systemworkbench/plugins/fr.ac6.mcu.externaltools.arm-none.win32_1.17.0.201812190825/tools/compiler/bin/../lib/gcc/arm-none-eabi/7.3.1/thumb/v6-m/crtn.o
                0x20005000                _estack = 0x20005000
                0x00000200                _Min_Heap_Size = 0x200
                0x00000400                _Min_Stack_Size = 0x400

.isr_vector     0x08000000       0xc0
                0x08000000                . = ALIGN (0x4)
 *(.isr_vector)
 .isr_vector    0x08000000       0xc0 startup/startup_stm32l073xx.o
                0x08000000                g_pfnVectors
                0x080000c0                . = ALIGN (0x4)

.text           0x080000c0     0x3380
                0x080000c0                . = ALIGN (0x4)
 *(.text)
 .text          0x080000c0       0x48 c:/ac6/systemworkbench/plugins/fr.ac6.mcu.externaltools.arm-none.win32_1.17.0.201812190825/tools/compiler/bin/../lib/gcc/arm-none-eabi/7.3.1/thumb/v6-m/crtbegin.o
 .text          0x08000108      0x114 c:/ac6/systemworkbench/plugins/fr.ac6.mcu.externaltools.arm-none.win32_1.17.0.201812190825/tools/compiler/bin/../lib/gcc/arm-none-eabi/7.3.1/thumb/v6-m\libgcc.a(_udivsi3.o)
                0x08000108                __aeabi_uidiv
                0x08000108                __udivsi3
                0x08000214                __aeabi_uidivmod
 .text          0x0800021c      0x1d4 c:/ac6/systemworkbench/plugins/fr.ac6.mcu.externaltools.arm-none.win32_1.17.0.201812190825/tools/compiler/bin/../lib/gcc/arm-none-eabi/7.3.1/thumb/v6-m\libgcc.a(_divsi3.o)
                0x0800021c                __divsi3
                0x0800021c                __aeabi_idiv
                0x080003e8                __aeabi_idivmod
 .text          0x080003f0        0x4 c:/ac6/systemworkbench/plugins/fr.ac6.mcu.externaltools.arm-none.win32_1.17.0.201812190825/tools/compiler/bin/../lib/gcc/arm-none-eabi/7.3.1/thumb/v6-m\libgcc.a(_dvmd_tls.o)
                0x080003f0                __aeabi_idiv0
                0x080003f0                __aeabi_ldiv0
 .text          0x080003f4       0x7c c:/ac6/systemworkbench/plugins/fr.ac6.mcu.externaltools.arm-none.win32_1.17.0.201812190825/tools/compiler/bin/../lib/gcc/arm-none-eabi/7.3.1/thumb/v6-m\libgcc.a(_arm_cmpdf2.o)
                0x080003f4                __aeabi_cdrcmple
                0x08000404                __aeabi_cdcmple
                0x08000404                __aeabi_cdcmpeq
                0x08000414                __aeabi_dcmpeq
                0x08000420                __aeabi_dcmplt
                0x08000434                __aeabi_dcmple
                0x08000448                __aeabi_dcmpgt
                0x0800045c                __aeabi_dcmpge
 .text          0x08000470      0x638 c:/ac6/systemworkbench/plugins/fr.ac6.mcu.externaltools.arm-none.win32_1.17.0.201812190825/tools/compiler/bin/../lib/gcc/arm-none-eabi/7.3.1/thumb/v6-m\libgcc.a(adddf3.o)
                0x08000470                __aeabi_dadd
 .text          0x08000aa8      0x604 c:/ac6/systemworkbench/plugins/fr.ac6.mcu.externaltools.arm-none.win32_1.17.0.201812190825/tools/compiler/bin/../lib/gcc/arm-none-eabi/7.3.1/thumb/v6-m\libgcc.a(divdf3.o)
                0x08000aa8                __aeabi_ddiv
 .text          0x080010ac       0x78 c:/ac6/systemworkbench/plugins/fr.ac6.mcu.externaltools.arm-none.win32_1.17.0.201812190825/tools/compiler/bin/../lib/gcc/arm-none-eabi/7.3.1/thumb/v6-m\libgcc.a(eqdf2.o)
                0x080010ac                __nedf2
                0x080010ac                __eqdf2
 .text          0x08001124       0xc8 c:/ac6/systemworkbench/plugins/fr.ac6.mcu.externaltools.arm-none.win32_1.17.0.201812190825/tools/compiler/bin/../lib/gcc/arm-none-eabi/7.3.1/thumb/v6-m\libgcc.a(gedf2.o)
                0x08001124                __gedf2
                0x08001124                __gtdf2
 .text          0x080011ec       0xd0 c:/ac6/systemworkbench/plugins/fr.ac6.mcu.externaltools.arm-none.win32_1.17.0.201812190825/tools/compiler/bin/../lib/gcc/arm-none-eabi/7.3.1/thumb/v6-m\libgcc.a(ledf2.o)
                0x080011ec                __ledf2
                0x080011ec                __ltdf2
 .text          0x080012bc      0x4e4 c:/ac6/systemworkbench/plugins/fr.ac6.mcu.externaltools.arm-none.win32_1.17.0.201812190825/tools/compiler/bin/../lib/gcc/arm-none-eabi/7.3.1/thumb/v6-m\libgcc.a(muldf3.o)
                0x080012bc                __aeabi_dmul
 .text          0x080017a0      0x690 c:/ac6/systemworkbench/plugins/fr.ac6.mcu.externaltools.arm-none.win32_1.17.0.201812190825/tools/compiler/bin/../lib/gcc/arm-none-eabi/7.3.1/thumb/v6-m\libgcc.a(subdf3.o)
                0x080017a0                __aeabi_dsub
 .text          0x08001e30       0x38 c:/ac6/systemworkbench/plugins/fr.ac6.mcu.externaltools.arm-none.win32_1.17.0.201812190825/tools/compiler/bin/../lib/gcc/arm-none-eabi/7.3.1/thumb/v6-m\libgcc.a(unorddf2.o)
                0x08001e30                __aeabi_dcmpun
 .text          0x08001e68       0x6c c:/ac6/systemworkbench/plugins/fr.ac6.mcu.externaltools.arm-none.win32_1.17.0.201812190825/tools/compiler/bin/../lib/gcc/arm-none-eabi/7.3.1/thumb/v6-m\libgcc.a(fixdfsi.o)
                0x08001e68                __aeabi_d2iz
 .text          0x08001ed4       0x74 c:/ac6/systemworkbench/plugins/fr.ac6.mcu.externaltools.arm-none.win32_1.17.0.201812190825/tools/compiler/bin/../lib/gcc/arm-none-eabi/7.3.1/thumb/v6-m\libgcc.a(floatsidf.o)
                0x08001ed4                __aeabi_i2d
 .text          0x08001f48       0x3c c:/ac6/systemworkbench/plugins/fr.ac6.mcu.externaltools.arm-none.win32_1.17.0.201812190825/tools/compiler/bin/../lib/gcc/arm-none-eabi/7.3.1/thumb/v6-m\libgcc.a(_clzsi2.o)
                0x08001f48                __clzsi2
 *(.text*)
 .text.usart_setup
                0x08001f84       0x5c src/main.o
 .text.TIM6_Init
                0x08001fe0       0x30 src/main.o
 .text.ADC_Init
                0x08002010       0xf4 src/main.o
 .text.USART2_IRQHandler
                0x08002104       0x3c src/main.o
                0x08002104                USART2_IRQHandler
 .text.ComputeTemperature
                0x08002140       0x34 src/main.o
                0x08002140                ComputeTemperature
 .text.TemperatureToString
                0x08002174       0x94 src/main.o
                0x08002174                TemperatureToString
 .text.LoadTemperatureToRingBuffer
                0x08002208       0x3c src/main.o
                0x08002208                LoadTemperatureToRingBuffer
 .text.SendTemperatureSerial
                0x08002244       0x48 src/main.o
                0x08002244                SendTemperatureSerial
 .text.ADC1_COMP_IRQHandler
                0x0800228c       0x3c src/main.o
                0x0800228c                ADC1_COMP_IRQHandler
 .text.LEDColor
                0x080022c8       0x68 src/main.o
                0x080022c8                LEDColor
 .text.PrintRingBufferOnLCD
                0x08002330       0x48 src/main.o
                0x08002330                PrintRingBufferOnLCD
 .text.ButtonControl
                0x08002378       0xc4 src/main.o
                0x08002378                ButtonControl
 .text.main     0x0800243c       0x94 src/main.o
                0x0800243c                main
 .text.SystemInit
                0x080024d0       0x5c src/system_stm32l0xx.o
                0x080024d0                SystemInit
 .text.SystemCoreClockUpdate
                0x0800252c       0xec src/system_stm32l0xx.o
                0x0800252c                SystemCoreClockUpdate
 .text.Reset_Handler
                0x08002618       0x50 startup/startup_stm32l073xx.o
                0x08002618                Reset_Handler
 .text.Default_Handler
                0x08002668        0x2 startup/startup_stm32l073xx.o
                0x08002668                TSC_IRQHandler
                0x08002668                HardFault_Handler
                0x08002668                PVD_IRQHandler
                0x08002668                PendSV_Handler
                0x08002668                NMI_Handler
                0x08002668                I2C1_IRQHandler
                0x08002668                RCC_CRS_IRQHandler
                0x08002668                SPI1_IRQHandler
                0x08002668                TIM6_DAC_IRQHandler
                0x08002668                EXTI2_3_IRQHandler
                0x08002668                I2C2_IRQHandler
                0x08002668                RTC_IRQHandler
                0x08002668                LCD_IRQHandler
                0x08002668                DMA1_Channel4_5_6_7_IRQHandler
                0x08002668                TIM3_IRQHandler
                0x08002668                EXTI4_15_IRQHandler
                0x08002668                DMA1_Channel1_IRQHandler
                0x08002668                USART4_5_IRQHandler
                0x08002668                Default_Handler
                0x08002668                TIM22_IRQHandler
                0x08002668                TIM7_IRQHandler
                0x08002668                EXTI0_1_IRQHandler
                0x08002668                USB_IRQHandler
                0x08002668                I2C3_IRQHandler
                0x08002668                SPI2_IRQHandler
                0x08002668                SVC_Handler
                0x08002668                TIM21_IRQHandler
                0x08002668                WWDG_IRQHandler
                0x08002668                TIM2_IRQHandler
                0x08002668                DMA1_Channel2_3_IRQHandler
                0x08002668                FLASH_IRQHandler
                0x08002668                USART1_IRQHandler
                0x08002668                RNG_LPUART1_IRQHandler
                0x08002668                LPTIM1_IRQHandler
 .text.lcd_setup_pins
                0x0800266a       0x1c C:\Users\Besitzer\Documents\Studium\WiSe2020\01_Labor Datentechnik\Workspace\lcd_shield_lib\Debug\liblcd_shield_lib.a(lcd_shield.o)
 .text.lcd_write_4bits
                0x08002686       0x52 C:\Users\Besitzer\Documents\Studium\WiSe2020\01_Labor Datentechnik\Workspace\lcd_shield_lib\Debug\liblcd_shield_lib.a(lcd_shield.o)
 .text.lcd_init_4bit_mode
                0x080026d8       0x34 C:\Users\Besitzer\Documents\Studium\WiSe2020\01_Labor Datentechnik\Workspace\lcd_shield_lib\Debug\liblcd_shield_lib.a(lcd_shield.o)
 .text.lcd_write
                0x0800270c       0x42 C:\Users\Besitzer\Documents\Studium\WiSe2020\01_Labor Datentechnik\Workspace\lcd_shield_lib\Debug\liblcd_shield_lib.a(lcd_shield.o)
 .text.lcd_instruction
                0x0800274e        0xa C:\Users\Besitzer\Documents\Studium\WiSe2020\01_Labor Datentechnik\Workspace\lcd_shield_lib\Debug\liblcd_shield_lib.a(lcd_shield.o)
 .text.lcd_write_data
                0x08002758        0xa C:\Users\Besitzer\Documents\Studium\WiSe2020\01_Labor Datentechnik\Workspace\lcd_shield_lib\Debug\liblcd_shield_lib.a(lcd_shield.o)
 .text.lcd_set_backlight_color
                0x08002762       0x3c C:\Users\Besitzer\Documents\Studium\WiSe2020\01_Labor Datentechnik\Workspace\lcd_shield_lib\Debug\liblcd_shield_lib.a(lcd_shield.o)
                0x08002762                lcd_set_backlight_color
 .text.lcd_init
                0x0800279e       0x36 C:\Users\Besitzer\Documents\Studium\WiSe2020\01_Labor Datentechnik\Workspace\lcd_shield_lib\Debug\liblcd_shield_lib.a(lcd_shield.o)
                0x0800279e                lcd_init
 .text.lcd_read_buttons
                0x080027d4       0x10 C:\Users\Besitzer\Documents\Studium\WiSe2020\01_Labor Datentechnik\Workspace\lcd_shield_lib\Debug\liblcd_shield_lib.a(lcd_shield.o)
                0x080027d4                lcd_read_buttons
 .text.lcd_clear_display
                0x080027e4       0x1c C:\Users\Besitzer\Documents\Studium\WiSe2020\01_Labor Datentechnik\Workspace\lcd_shield_lib\Debug\liblcd_shield_lib.a(lcd_shield.o)
                0x080027e4                lcd_clear_display
 .text.lcd_print_char
                0x08002800       0x68 C:\Users\Besitzer\Documents\Studium\WiSe2020\01_Labor Datentechnik\Workspace\lcd_shield_lib\Debug\liblcd_shield_lib.a(lcd_shield.o)
                0x08002800                lcd_print_char
 .text.lcd_print_string
                0x08002868       0x18 C:\Users\Besitzer\Documents\Studium\WiSe2020\01_Labor Datentechnik\Workspace\lcd_shield_lib\Debug\liblcd_shield_lib.a(lcd_shield.o)
                0x08002868                lcd_print_string
 .text.lcd_set_cursor
                0x08002880       0x24 C:\Users\Besitzer\Documents\Studium\WiSe2020\01_Labor Datentechnik\Workspace\lcd_shield_lib\Debug\liblcd_shield_lib.a(lcd_shield.o)
                0x08002880                lcd_set_cursor
 .text.mcp23017_read_reg
                0x080028a4       0x26 C:\Users\Besitzer\Documents\Studium\WiSe2020\01_Labor Datentechnik\Workspace\lcd_shield_lib\Debug\liblcd_shield_lib.a(mcp23017.o)
                0x080028a4                mcp23017_read_reg
 .text.mcp23017_write_reg
                0x080028ca       0x1c C:\Users\Besitzer\Documents\Studium\WiSe2020\01_Labor Datentechnik\Workspace\lcd_shield_lib\Debug\liblcd_shield_lib.a(mcp23017.o)
                0x080028ca                mcp23017_write_reg
 *fill*         0x080028e6        0x2 
 .text.us_count
                0x080028e8       0x28 C:\Users\Besitzer\Documents\Studium\WiSe2020\01_Labor Datentechnik\Workspace\lcd_shield_lib\Debug\liblcd_shield_lib.a(systick.o)
 .text.SysTick_Handler
                0x08002910       0x10 C:\Users\Besitzer\Documents\Studium\WiSe2020\01_Labor Datentechnik\Workspace\lcd_shield_lib\Debug\liblcd_shield_lib.a(systick.o)
                0x08002910                SysTick_Handler
 .text.systick_setup
                0x08002920       0x2c C:\Users\Besitzer\Documents\Studium\WiSe2020\01_Labor Datentechnik\Workspace\lcd_shield_lib\Debug\liblcd_shield_lib.a(systick.o)
                0x08002920                systick_setup
 .text.delay_ms
                0x0800294c       0x14 C:\Users\Besitzer\Documents\Studium\WiSe2020\01_Labor Datentechnik\Workspace\lcd_shield_lib\Debug\liblcd_shield_lib.a(systick.o)
                0x0800294c                delay_ms
 .text.delay_us
                0x08002960       0x16 C:\Users\Besitzer\Documents\Studium\WiSe2020\01_Labor Datentechnik\Workspace\lcd_shield_lib\Debug\liblcd_shield_lib.a(systick.o)
                0x08002960                delay_us
 *fill*         0x08002976        0x2 
 .text.clock_setup_16MHz
                0x08002978       0x68 C:\Users\Besitzer\Documents\Studium\WiSe2020\01_Labor Datentechnik\Workspace\lcd_shield_lib\Debug\liblcd_shield_lib.a(clock.o)
                0x08002978                clock_setup_16MHz
 .text.i2c_setup
                0x080029e0       0x60 C:\Users\Besitzer\Documents\Studium\WiSe2020\01_Labor Datentechnik\Workspace\lcd_shield_lib\Debug\liblcd_shield_lib.a(i2c.o)
                0x080029e0                i2c_setup
 .text.i2c_transfer
                0x08002a40      0x130 C:\Users\Besitzer\Documents\Studium\WiSe2020\01_Labor Datentechnik\Workspace\lcd_shield_lib\Debug\liblcd_shield_lib.a(i2c.o)
                0x08002a40                i2c_transfer
 .text.log10    0x08002b70      0x118 c:/ac6/systemworkbench/plugins/fr.ac6.mcu.externaltools.arm-none.win32_1.17.0.201812190825/tools/compiler/bin/../lib/gcc/arm-none-eabi/7.3.1/../../../../arm-none-eabi/lib/thumb/v6-m\libm.a(lib_a-w_log10.o)
                0x08002b70                log10
 .text.__ieee754_log10
                0x08002c88      0x124 c:/ac6/systemworkbench/plugins/fr.ac6.mcu.externaltools.arm-none.win32_1.17.0.201812190825/tools/compiler/bin/../lib/gcc/arm-none-eabi/7.3.1/../../../../arm-none-eabi/lib/thumb/v6-m\libm.a(lib_a-e_log10.o)
                0x08002c88                __ieee754_log10
 .text.matherr  0x08002dac        0x4 c:/ac6/systemworkbench/plugins/fr.ac6.mcu.externaltools.arm-none.win32_1.17.0.201812190825/tools/compiler/bin/../lib/gcc/arm-none-eabi/7.3.1/../../../../arm-none-eabi/lib/thumb/v6-m\libm.a(lib_a-s_matherr.o)
                0x08002dac                matherr
 .text.nan      0x08002db0        0xc c:/ac6/systemworkbench/plugins/fr.ac6.mcu.externaltools.arm-none.win32_1.17.0.201812190825/tools/compiler/bin/../lib/gcc/arm-none-eabi/7.3.1/../../../../arm-none-eabi/lib/thumb/v6-m\libm.a(lib_a-s_nan.o)
                0x08002db0                nan
 .text.__ieee754_log
                0x08002dbc      0x3ac c:/ac6/systemworkbench/plugins/fr.ac6.mcu.externaltools.arm-none.win32_1.17.0.201812190825/tools/compiler/bin/../lib/gcc/arm-none-eabi/7.3.1/../../../../arm-none-eabi/lib/thumb/v6-m\libm.a(lib_a-e_log.o)
                0x08002dbc                __ieee754_log
 .text.__errno  0x08003168        0xc c:/ac6/systemworkbench/plugins/fr.ac6.mcu.externaltools.arm-none.win32_1.17.0.201812190825/tools/compiler/bin/../lib/gcc/arm-none-eabi/7.3.1/../../../../arm-none-eabi/lib/thumb/v6-m\libc.a(lib_a-errno.o)
                0x08003168                __errno
 .text.__libc_init_array
                0x08003174       0x48 c:/ac6/systemworkbench/plugins/fr.ac6.mcu.externaltools.arm-none.win32_1.17.0.201812190825/tools/compiler/bin/../lib/gcc/arm-none-eabi/7.3.1/../../../../arm-none-eabi/lib/thumb/v6-m\libc.a(lib_a-init.o)
                0x08003174                __libc_init_array
 .text.__itoa   0x080031bc       0x30 c:/ac6/systemworkbench/plugins/fr.ac6.mcu.externaltools.arm-none.win32_1.17.0.201812190825/tools/compiler/bin/../lib/gcc/arm-none-eabi/7.3.1/../../../../arm-none-eabi/lib/thumb/v6-m\libc.a(lib_a-itoa.o)
                0x080031bc                __itoa
 .text.strcpy   0x080031ec       0x10 c:/ac6/systemworkbench/plugins/fr.ac6.mcu.externaltools.arm-none.win32_1.17.0.201812190825/tools/compiler/bin/../lib/gcc/arm-none-eabi/7.3.1/../../../../arm-none-eabi/lib/thumb/v6-m\libc.a(lib_a-strcpy.o)
                0x080031ec                strcpy
 .text.strlen   0x080031fc       0x64 c:/ac6/systemworkbench/plugins/fr.ac6.mcu.externaltools.arm-none.win32_1.17.0.201812190825/tools/compiler/bin/../lib/gcc/arm-none-eabi/7.3.1/../../../../arm-none-eabi/lib/thumb/v6-m\libc.a(lib_a-strlen-stub.o)
                0x080031fc                strlen
 .text.__utoa   0x08003260       0x70 c:/ac6/systemworkbench/plugins/fr.ac6.mcu.externaltools.arm-none.win32_1.17.0.201812190825/tools/compiler/bin/../lib/gcc/arm-none-eabi/7.3.1/../../../../arm-none-eabi/lib/thumb/v6-m\libc.a(lib_a-utoa.o)
                0x08003260                __utoa
 .text.startup.register_fini
                0x080032d0       0x18 c:/ac6/systemworkbench/plugins/fr.ac6.mcu.externaltools.arm-none.win32_1.17.0.201812190825/tools/compiler/bin/../lib/gcc/arm-none-eabi/7.3.1/../../../../arm-none-eabi/lib/thumb/v6-m\libc.a(lib_a-__call_atexit.o)
 .text.atexit   0x080032e8       0x10 c:/ac6/systemworkbench/plugins/fr.ac6.mcu.externaltools.arm-none.win32_1.17.0.201812190825/tools/compiler/bin/../lib/gcc/arm-none-eabi/7.3.1/../../../../arm-none-eabi/lib/thumb/v6-m\libc.a(lib_a-atexit.o)
                0x080032e8                atexit
 .text.__libc_fini_array
                0x080032f8       0x34 c:/ac6/systemworkbench/plugins/fr.ac6.mcu.externaltools.arm-none.win32_1.17.0.201812190825/tools/compiler/bin/../lib/gcc/arm-none-eabi/7.3.1/../../../../arm-none-eabi/lib/thumb/v6-m\libc.a(lib_a-fini.o)
                0x080032f8                __libc_fini_array
 .text.__retarget_lock_acquire_recursive
                0x0800332c        0x4 c:/ac6/systemworkbench/plugins/fr.ac6.mcu.externaltools.arm-none.win32_1.17.0.201812190825/tools/compiler/bin/../lib/gcc/arm-none-eabi/7.3.1/../../../../arm-none-eabi/lib/thumb/v6-m\libc.a(lib_a-lock.o)
                0x0800332c                __retarget_lock_acquire_recursive
 .text.__retarget_lock_release_recursive
                0x08003330        0x4 c:/ac6/systemworkbench/plugins/fr.ac6.mcu.externaltools.arm-none.win32_1.17.0.201812190825/tools/compiler/bin/../lib/gcc/arm-none-eabi/7.3.1/../../../../arm-none-eabi/lib/thumb/v6-m\libc.a(lib_a-lock.o)
                0x08003330                __retarget_lock_release_recursive
 .text.__register_exitproc
                0x08003334       0xf4 c:/ac6/systemworkbench/plugins/fr.ac6.mcu.externaltools.arm-none.win32_1.17.0.201812190825/tools/compiler/bin/../lib/gcc/arm-none-eabi/7.3.1/../../../../arm-none-eabi/lib/thumb/v6-m\libc.a(lib_a-__atexit.o)
                0x08003334                __register_exitproc
 *(.glue_7)
 .glue_7        0x08003428        0x0 linker stubs
 *(.glue_7t)
 .glue_7t       0x08003428        0x0 linker stubs
 *(.eh_frame)
 .eh_frame      0x08003428        0x0 c:/ac6/systemworkbench/plugins/fr.ac6.mcu.externaltools.arm-none.win32_1.17.0.201812190825/tools/compiler/bin/../lib/gcc/arm-none-eabi/7.3.1/thumb/v6-m/crtbegin.o
 *(.init)
 .init          0x08003428        0x4 c:/ac6/systemworkbench/plugins/fr.ac6.mcu.externaltools.arm-none.win32_1.17.0.201812190825/tools/compiler/bin/../lib/gcc/arm-none-eabi/7.3.1/thumb/v6-m/crti.o
                0x08003428                _init
 .init          0x0800342c        0x8 c:/ac6/systemworkbench/plugins/fr.ac6.mcu.externaltools.arm-none.win32_1.17.0.201812190825/tools/compiler/bin/../lib/gcc/arm-none-eabi/7.3.1/thumb/v6-m/crtn.o
 *(.fini)
 .fini          0x08003434        0x4 c:/ac6/systemworkbench/plugins/fr.ac6.mcu.externaltools.arm-none.win32_1.17.0.201812190825/tools/compiler/bin/../lib/gcc/arm-none-eabi/7.3.1/thumb/v6-m/crti.o
                0x08003434                _fini
 .fini          0x08003438        0x8 c:/ac6/systemworkbench/plugins/fr.ac6.mcu.externaltools.arm-none.win32_1.17.0.201812190825/tools/compiler/bin/../lib/gcc/arm-none-eabi/7.3.1/thumb/v6-m/crtn.o
                0x08003440                . = ALIGN (0x4)
                0x08003440                _etext = .

.vfp11_veneer   0x08003440        0x0
 .vfp11_veneer  0x08003440        0x0 linker stubs

.v4_bx          0x08003440        0x0
 .v4_bx         0x08003440        0x0 linker stubs

.iplt           0x08003440        0x0
 .iplt          0x08003440        0x0 c:/ac6/systemworkbench/plugins/fr.ac6.mcu.externaltools.arm-none.win32_1.17.0.201812190825/tools/compiler/bin/../lib/gcc/arm-none-eabi/7.3.1/thumb/v6-m/crtbegin.o

.rodata         0x08003440      0x2fc
                0x08003440                . = ALIGN (0x4)
 *(.rodata)
 .rodata        0x08003440       0x24 src/system_stm32l0xx.o
                0x08003440                PLLMulTable
                0x0800344c                AHBPrescTable
                0x0800345c                APBPrescTable
 .rodata        0x08003464       0xe4 C:\Users\Besitzer\Documents\Studium\WiSe2020\01_Labor Datentechnik\Workspace\lcd_shield_lib\Debug\liblcd_shield_lib.a(lcd_shield.o)
 .rodata        0x08003548       0x40 c:/ac6/systemworkbench/plugins/fr.ac6.mcu.externaltools.arm-none.win32_1.17.0.201812190825/tools/compiler/bin/../lib/gcc/arm-none-eabi/7.3.1/thumb/v6-m\libgcc.a(divdf3.o)
 .rodata        0x08003588       0x40 c:/ac6/systemworkbench/plugins/fr.ac6.mcu.externaltools.arm-none.win32_1.17.0.201812190825/tools/compiler/bin/../lib/gcc/arm-none-eabi/7.3.1/thumb/v6-m\libgcc.a(muldf3.o)
 *(.rodata*)
 .rodata.str1.4
                0x080035c8      0x13d src/main.o
 *fill*         0x08003705        0x3 
 .rodata.log10.str1.4
                0x08003708        0x6 c:/ac6/systemworkbench/plugins/fr.ac6.mcu.externaltools.arm-none.win32_1.17.0.201812190825/tools/compiler/bin/../lib/gcc/arm-none-eabi/7.3.1/../../../../arm-none-eabi/lib/thumb/v6-m\libm.a(lib_a-w_log10.o)
                                  0x9 (size before relaxing)
 *fill*         0x0800370e        0x2 
 .rodata._global_impure_ptr
                0x08003710        0x4 c:/ac6/systemworkbench/plugins/fr.ac6.mcu.externaltools.arm-none.win32_1.17.0.201812190825/tools/compiler/bin/../lib/gcc/arm-none-eabi/7.3.1/../../../../arm-none-eabi/lib/thumb/v6-m\libc.a(lib_a-impure.o)
                0x08003710                _global_impure_ptr
 .rodata.__utoa.str1.4
                0x08003714       0x28 c:/ac6/systemworkbench/plugins/fr.ac6.mcu.externaltools.arm-none.win32_1.17.0.201812190825/tools/compiler/bin/../lib/gcc/arm-none-eabi/7.3.1/../../../../arm-none-eabi/lib/thumb/v6-m\libc.a(lib_a-utoa.o)
                                 0x25 (size before relaxing)
                0x0800373c                . = ALIGN (0x4)

.rel.dyn        0x0800373c        0x0
 .rel.iplt      0x0800373c        0x0 c:/ac6/systemworkbench/plugins/fr.ac6.mcu.externaltools.arm-none.win32_1.17.0.201812190825/tools/compiler/bin/../lib/gcc/arm-none-eabi/7.3.1/thumb/v6-m/crtbegin.o

.ARM.extab
 *(.ARM.extab* .gnu.linkonce.armextab.*)

.ARM            0x0800373c        0x0
                0x0800373c                __exidx_start = .
 *(.ARM.exidx*)
                0x0800373c                __exidx_end = .

.preinit_array  0x0800373c        0x0
                0x0800373c                PROVIDE (__preinit_array_start = .)
 *(.preinit_array*)
                0x0800373c                PROVIDE (__preinit_array_end = .)

.init_array     0x0800373c        0x8
                0x0800373c                PROVIDE (__init_array_start = .)
 *(SORT_BY_NAME(.init_array.*))
 .init_array.00000
                0x0800373c        0x4 c:/ac6/systemworkbench/plugins/fr.ac6.mcu.externaltools.arm-none.win32_1.17.0.201812190825/tools/compiler/bin/../lib/gcc/arm-none-eabi/7.3.1/../../../../arm-none-eabi/lib/thumb/v6-m\libc.a(lib_a-__call_atexit.o)
 *(.init_array*)
 .init_array    0x08003740        0x4 c:/ac6/systemworkbench/plugins/fr.ac6.mcu.externaltools.arm-none.win32_1.17.0.201812190825/tools/compiler/bin/../lib/gcc/arm-none-eabi/7.3.1/thumb/v6-m/crtbegin.o
                0x08003744                PROVIDE (__init_array_end = .)

.fini_array     0x08003744        0x4
                0x08003744                PROVIDE (__fini_array_start = .)
 *(SORT_BY_NAME(.fini_array.*))
 *(.fini_array*)
 .fini_array    0x08003744        0x4 c:/ac6/systemworkbench/plugins/fr.ac6.mcu.externaltools.arm-none.win32_1.17.0.201812190825/tools/compiler/bin/../lib/gcc/arm-none-eabi/7.3.1/thumb/v6-m/crtbegin.o
                0x08003748                PROVIDE (__fini_array_end = .)
                0x08003748                _sidata = LOADADDR (.data)

.data           0x20000000      0x43c load address 0x08003748
                0x20000000                . = ALIGN (0x4)
                0x20000000                _sdata = .
 *(.data)
 .data          0x20000000        0x4 src/system_stm32l0xx.o
                0x20000000                SystemCoreClock
 *(.data*)
 .data.__fdlib_version
                0x20000004        0x1 c:/ac6/systemworkbench/plugins/fr.ac6.mcu.externaltools.arm-none.win32_1.17.0.201812190825/tools/compiler/bin/../lib/gcc/arm-none-eabi/7.3.1/../../../../arm-none-eabi/lib/thumb/v6-m\libm.a(lib_a-s_lib_ver.o)
                0x20000004                __fdlib_version
 *fill*         0x20000005        0x3 
 .data._impure_ptr
                0x20000008        0x4 c:/ac6/systemworkbench/plugins/fr.ac6.mcu.externaltools.arm-none.win32_1.17.0.201812190825/tools/compiler/bin/../lib/gcc/arm-none-eabi/7.3.1/../../../../arm-none-eabi/lib/thumb/v6-m\libc.a(lib_a-impure.o)
                0x20000008                _impure_ptr
 *fill*         0x2000000c        0x4 
 .data.impure_data
                0x20000010      0x428 c:/ac6/systemworkbench/plugins/fr.ac6.mcu.externaltools.arm-none.win32_1.17.0.201812190825/tools/compiler/bin/../lib/gcc/arm-none-eabi/7.3.1/../../../../arm-none-eabi/lib/thumb/v6-m\libc.a(lib_a-impure.o)
 .data.__atexit_recursive_mutex
                0x20000438        0x4 c:/ac6/systemworkbench/plugins/fr.ac6.mcu.externaltools.arm-none.win32_1.17.0.201812190825/tools/compiler/bin/../lib/gcc/arm-none-eabi/7.3.1/../../../../arm-none-eabi/lib/thumb/v6-m\libc.a(lib_a-__call_atexit.o)
                0x20000438                __atexit_recursive_mutex
                0x2000043c                . = ALIGN (0x4)
                0x2000043c                _edata = .

.igot.plt       0x2000043c        0x0 load address 0x08003b84
 .igot.plt      0x2000043c        0x0 c:/ac6/systemworkbench/plugins/fr.ac6.mcu.externaltools.arm-none.win32_1.17.0.201812190825/tools/compiler/bin/../lib/gcc/arm-none-eabi/7.3.1/thumb/v6-m/crtbegin.o
                0x2000043c                . = ALIGN (0x4)

.bss            0x2000043c      0x180 load address 0x08003b84
                0x2000043c                _sbss = .
                0x2000043c                __bss_start__ = _sbss
 *(.bss)
 .bss           0x2000043c       0x1c c:/ac6/systemworkbench/plugins/fr.ac6.mcu.externaltools.arm-none.win32_1.17.0.201812190825/tools/compiler/bin/../lib/gcc/arm-none-eabi/7.3.1/thumb/v6-m/crtbegin.o
 .bss           0x20000458      0x138 src/main.o
 .bss           0x20000590        0x1 C:\Users\Besitzer\Documents\Studium\WiSe2020\01_Labor Datentechnik\Workspace\lcd_shield_lib\Debug\liblcd_shield_lib.a(lcd_shield.o)
 *fill*         0x20000591        0x3 
 .bss           0x20000594        0x4 C:\Users\Besitzer\Documents\Studium\WiSe2020\01_Labor Datentechnik\Workspace\lcd_shield_lib\Debug\liblcd_shield_lib.a(systick.o)
 *(.bss*)
 *(COMMON)
 COMMON         0x20000598       0x21 c:/ac6/systemworkbench/plugins/fr.ac6.mcu.externaltools.arm-none.win32_1.17.0.201812190825/tools/compiler/bin/../lib/gcc/arm-none-eabi/7.3.1/../../../../arm-none-eabi/lib/thumb/v6-m\libc.a(lib_a-lock.o)
                0x20000598                __lock___atexit_recursive_mutex
                0x2000059c                __lock___arc4random_mutex
                0x200005a0                __lock___env_recursive_mutex
                0x200005a4                __lock___sinit_recursive_mutex
                0x200005a8                __lock___malloc_recursive_mutex
                0x200005ac                __lock___at_quick_exit_mutex
                0x200005b0                __lock___dd_hash_mutex
                0x200005b4                __lock___tz_mutex
                0x200005b8                __lock___sfp_recursive_mutex
                0x200005bc                . = ALIGN (0x4)
 *fill*         0x200005b9        0x3 
                0x200005bc                _ebss = .
                0x200005bc                __bss_end__ = _ebss

._user_heap_stack
                0x200005bc      0x604 load address 0x08003b84
                0x200005c0                . = ALIGN (0x8)
 *fill*         0x200005bc        0x4 
                [!provide]                PROVIDE (end = .)
                [!provide]                PROVIDE (_end = .)
                0x200007c0                . = (. + _Min_Heap_Size)
 *fill*         0x200005c0      0x200 
                0x20000bc0                . = (. + _Min_Stack_Size)
 *fill*         0x200007c0      0x400 
                0x20000bc0                . = ALIGN (0x8)

/DISCARD/
 libc.a(*)
 libm.a(*)
 libgcc.a(*)

.ARM.attributes
                0x00000000       0x28
 *(.ARM.attributes)
 .ARM.attributes
                0x00000000       0x1e c:/ac6/systemworkbench/plugins/fr.ac6.mcu.externaltools.arm-none.win32_1.17.0.201812190825/tools/compiler/bin/../lib/gcc/arm-none-eabi/7.3.1/thumb/v6-m/crti.o
 .ARM.attributes
                0x0000001e       0x2c c:/ac6/systemworkbench/plugins/fr.ac6.mcu.externaltools.arm-none.win32_1.17.0.201812190825/tools/compiler/bin/../lib/gcc/arm-none-eabi/7.3.1/thumb/v6-m/crtbegin.o
 .ARM.attributes
                0x0000004a       0x32 src/main.o
 .ARM.attributes
                0x0000007c       0x32 src/system_stm32l0xx.o
 .ARM.attributes
                0x000000ae       0x22 startup/startup_stm32l073xx.o
 .ARM.attributes
                0x000000d0       0x32 C:\Users\Besitzer\Documents\Studium\WiSe2020\01_Labor Datentechnik\Workspace\lcd_shield_lib\Debug\liblcd_shield_lib.a(lcd_shield.o)
 .ARM.attributes
                0x00000102       0x32 C:\Users\Besitzer\Documents\Studium\WiSe2020\01_Labor Datentechnik\Workspace\lcd_shield_lib\Debug\liblcd_shield_lib.a(mcp23017.o)
 .ARM.attributes
                0x00000134       0x32 C:\Users\Besitzer\Documents\Studium\WiSe2020\01_Labor Datentechnik\Workspace\lcd_shield_lib\Debug\liblcd_shield_lib.a(systick.o)
 .ARM.attributes
                0x00000166       0x32 C:\Users\Besitzer\Documents\Studium\WiSe2020\01_Labor Datentechnik\Workspace\lcd_shield_lib\Debug\liblcd_shield_lib.a(clock.o)
 .ARM.attributes
                0x00000198       0x32 C:\Users\Besitzer\Documents\Studium\WiSe2020\01_Labor Datentechnik\Workspace\lcd_shield_lib\Debug\liblcd_shield_lib.a(i2c.o)
 .ARM.attributes
                0x000001ca       0x2c c:/ac6/systemworkbench/plugins/fr.ac6.mcu.externaltools.arm-none.win32_1.17.0.201812190825/tools/compiler/bin/../lib/gcc/arm-none-eabi/7.3.1/../../../../arm-none-eabi/lib/thumb/v6-m\libm.a(lib_a-w_log10.o)
 .ARM.attributes
                0x000001f6       0x2c c:/ac6/systemworkbench/plugins/fr.ac6.mcu.externaltools.arm-none.win32_1.17.0.201812190825/tools/compiler/bin/../lib/gcc/arm-none-eabi/7.3.1/../../../../arm-none-eabi/lib/thumb/v6-m\libm.a(lib_a-e_log10.o)
 .ARM.attributes
                0x00000222       0x2c c:/ac6/systemworkbench/plugins/fr.ac6.mcu.externaltools.arm-none.win32_1.17.0.201812190825/tools/compiler/bin/../lib/gcc/arm-none-eabi/7.3.1/../../../../arm-none-eabi/lib/thumb/v6-m\libm.a(lib_a-s_lib_ver.o)
 .ARM.attributes
                0x0000024e       0x2c c:/ac6/systemworkbench/plugins/fr.ac6.mcu.externaltools.arm-none.win32_1.17.0.201812190825/tools/compiler/bin/../lib/gcc/arm-none-eabi/7.3.1/../../../../arm-none-eabi/lib/thumb/v6-m\libm.a(lib_a-s_matherr.o)
 .ARM.attributes
                0x0000027a       0x2c c:/ac6/systemworkbench/plugins/fr.ac6.mcu.externaltools.arm-none.win32_1.17.0.201812190825/tools/compiler/bin/../lib/gcc/arm-none-eabi/7.3.1/../../../../arm-none-eabi/lib/thumb/v6-m\libm.a(lib_a-s_nan.o)
 .ARM.attributes
                0x000002a6       0x2c c:/ac6/systemworkbench/plugins/fr.ac6.mcu.externaltools.arm-none.win32_1.17.0.201812190825/tools/compiler/bin/../lib/gcc/arm-none-eabi/7.3.1/../../../../arm-none-eabi/lib/thumb/v6-m\libm.a(lib_a-e_log.o)
 .ARM.attributes
                0x000002d2       0x1e c:/ac6/systemworkbench/plugins/fr.ac6.mcu.externaltools.arm-none.win32_1.17.0.201812190825/tools/compiler/bin/../lib/gcc/arm-none-eabi/7.3.1/thumb/v6-m\libgcc.a(_udivsi3.o)
 .ARM.attributes
                0x000002f0       0x1e c:/ac6/systemworkbench/plugins/fr.ac6.mcu.externaltools.arm-none.win32_1.17.0.201812190825/tools/compiler/bin/../lib/gcc/arm-none-eabi/7.3.1/thumb/v6-m\libgcc.a(_divsi3.o)
 .ARM.attributes
                0x0000030e       0x1e c:/ac6/systemworkbench/plugins/fr.ac6.mcu.externaltools.arm-none.win32_1.17.0.201812190825/tools/compiler/bin/../lib/gcc/arm-none-eabi/7.3.1/thumb/v6-m\libgcc.a(_dvmd_tls.o)
 .ARM.attributes
                0x0000032c       0x1e c:/ac6/systemworkbench/plugins/fr.ac6.mcu.externaltools.arm-none.win32_1.17.0.201812190825/tools/compiler/bin/../lib/gcc/arm-none-eabi/7.3.1/thumb/v6-m\libgcc.a(_arm_cmpdf2.o)
 .ARM.attributes
                0x0000034a       0x2c c:/ac6/systemworkbench/plugins/fr.ac6.mcu.externaltools.arm-none.win32_1.17.0.201812190825/tools/compiler/bin/../lib/gcc/arm-none-eabi/7.3.1/thumb/v6-m\libgcc.a(adddf3.o)
 .ARM.attributes
                0x00000376       0x2c c:/ac6/systemworkbench/plugins/fr.ac6.mcu.externaltools.arm-none.win32_1.17.0.201812190825/tools/compiler/bin/../lib/gcc/arm-none-eabi/7.3.1/thumb/v6-m\libgcc.a(divdf3.o)
 .ARM.attributes
                0x000003a2       0x2c c:/ac6/systemworkbench/plugins/fr.ac6.mcu.externaltools.arm-none.win32_1.17.0.201812190825/tools/compiler/bin/../lib/gcc/arm-none-eabi/7.3.1/thumb/v6-m\libgcc.a(eqdf2.o)
 .ARM.attributes
                0x000003ce       0x2c c:/ac6/systemworkbench/plugins/fr.ac6.mcu.externaltools.arm-none.win32_1.17.0.201812190825/tools/compiler/bin/../lib/gcc/arm-none-eabi/7.3.1/thumb/v6-m\libgcc.a(gedf2.o)
 .ARM.attributes
                0x000003fa       0x2c c:/ac6/systemworkbench/plugins/fr.ac6.mcu.externaltools.arm-none.win32_1.17.0.201812190825/tools/compiler/bin/../lib/gcc/arm-none-eabi/7.3.1/thumb/v6-m\libgcc.a(ledf2.o)
 .ARM.attributes
                0x00000426       0x2c c:/ac6/systemworkbench/plugins/fr.ac6.mcu.externaltools.arm-none.win32_1.17.0.201812190825/tools/compiler/bin/../lib/gcc/arm-none-eabi/7.3.1/thumb/v6-m\libgcc.a(muldf3.o)
 .ARM.attributes
                0x00000452       0x2c c:/ac6/systemworkbench/plugins/fr.ac6.mcu.externaltools.arm-none.win32_1.17.0.201812190825/tools/compiler/bin/../lib/gcc/arm-none-eabi/7.3.1/thumb/v6-m\libgcc.a(subdf3.o)
 .ARM.attributes
                0x0000047e       0x2c c:/ac6/systemworkbench/plugins/fr.ac6.mcu.externaltools.arm-none.win32_1.17.0.201812190825/tools/compiler/bin/../lib/gcc/arm-none-eabi/7.3.1/thumb/v6-m\libgcc.a(unorddf2.o)
 .ARM.attributes
                0x000004aa       0x2c c:/ac6/systemworkbench/plugins/fr.ac6.mcu.externaltools.arm-none.win32_1.17.0.201812190825/tools/compiler/bin/../lib/gcc/arm-none-eabi/7.3.1/thumb/v6-m\libgcc.a(fixdfsi.o)
 .ARM.attributes
                0x000004d6       0x2c c:/ac6/systemworkbench/plugins/fr.ac6.mcu.externaltools.arm-none.win32_1.17.0.201812190825/tools/compiler/bin/../lib/gcc/arm-none-eabi/7.3.1/thumb/v6-m\libgcc.a(floatsidf.o)
 .ARM.attributes
                0x00000502       0x1e c:/ac6/systemworkbench/plugins/fr.ac6.mcu.externaltools.arm-none.win32_1.17.0.201812190825/tools/compiler/bin/../lib/gcc/arm-none-eabi/7.3.1/thumb/v6-m\libgcc.a(_clzsi2.o)
 .ARM.attributes
                0x00000520       0x2c c:/ac6/systemworkbench/plugins/fr.ac6.mcu.externaltools.arm-none.win32_1.17.0.201812190825/tools/compiler/bin/../lib/gcc/arm-none-eabi/7.3.1/../../../../arm-none-eabi/lib/thumb/v6-m\libc.a(lib_a-errno.o)
 .ARM.attributes
                0x0000054c       0x2c c:/ac6/systemworkbench/plugins/fr.ac6.mcu.externaltools.arm-none.win32_1.17.0.201812190825/tools/compiler/bin/../lib/gcc/arm-none-eabi/7.3.1/../../../../arm-none-eabi/lib/thumb/v6-m\libc.a(lib_a-impure.o)
 .ARM.attributes
                0x00000578       0x2c c:/ac6/systemworkbench/plugins/fr.ac6.mcu.externaltools.arm-none.win32_1.17.0.201812190825/tools/compiler/bin/../lib/gcc/arm-none-eabi/7.3.1/../../../../arm-none-eabi/lib/thumb/v6-m\libc.a(lib_a-init.o)
 .ARM.attributes
                0x000005a4       0x2c c:/ac6/systemworkbench/plugins/fr.ac6.mcu.externaltools.arm-none.win32_1.17.0.201812190825/tools/compiler/bin/../lib/gcc/arm-none-eabi/7.3.1/../../../../arm-none-eabi/lib/thumb/v6-m\libc.a(lib_a-itoa.o)
 .ARM.attributes
                0x000005d0       0x2c c:/ac6/systemworkbench/plugins/fr.ac6.mcu.externaltools.arm-none.win32_1.17.0.201812190825/tools/compiler/bin/../lib/gcc/arm-none-eabi/7.3.1/../../../../arm-none-eabi/lib/thumb/v6-m\libc.a(lib_a-strcpy.o)
 .ARM.attributes
                0x000005fc       0x2c c:/ac6/systemworkbench/plugins/fr.ac6.mcu.externaltools.arm-none.win32_1.17.0.201812190825/tools/compiler/bin/../lib/gcc/arm-none-eabi/7.3.1/../../../../arm-none-eabi/lib/thumb/v6-m\libc.a(lib_a-strlen-stub.o)
 .ARM.attributes
                0x00000628       0x2c c:/ac6/systemworkbench/plugins/fr.ac6.mcu.externaltools.arm-none.win32_1.17.0.201812190825/tools/compiler/bin/../lib/gcc/arm-none-eabi/7.3.1/../../../../arm-none-eabi/lib/thumb/v6-m\libc.a(lib_a-utoa.o)
 .ARM.attributes
                0x00000654       0x2c c:/ac6/systemworkbench/plugins/fr.ac6.mcu.externaltools.arm-none.win32_1.17.0.201812190825/tools/compiler/bin/../lib/gcc/arm-none-eabi/7.3.1/../../../../arm-none-eabi/lib/thumb/v6-m\libc.a(lib_a-__call_atexit.o)
 .ARM.attributes
                0x00000680       0x2c c:/ac6/systemworkbench/plugins/fr.ac6.mcu.externaltools.arm-none.win32_1.17.0.201812190825/tools/compiler/bin/../lib/gcc/arm-none-eabi/7.3.1/../../../../arm-none-eabi/lib/thumb/v6-m\libc.a(lib_a-atexit.o)
 .ARM.attributes
                0x000006ac       0x2c c:/ac6/systemworkbench/plugins/fr.ac6.mcu.externaltools.arm-none.win32_1.17.0.201812190825/tools/compiler/bin/../lib/gcc/arm-none-eabi/7.3.1/../../../../arm-none-eabi/lib/thumb/v6-m\libc.a(lib_a-fini.o)
 .ARM.attributes
                0x000006d8       0x2c c:/ac6/systemworkbench/plugins/fr.ac6.mcu.externaltools.arm-none.win32_1.17.0.201812190825/tools/compiler/bin/../lib/gcc/arm-none-eabi/7.3.1/../../../../arm-none-eabi/lib/thumb/v6-m\libc.a(lib_a-lock.o)
 .ARM.attributes
                0x00000704       0x2c c:/ac6/systemworkbench/plugins/fr.ac6.mcu.externaltools.arm-none.win32_1.17.0.201812190825/tools/compiler/bin/../lib/gcc/arm-none-eabi/7.3.1/../../../../arm-none-eabi/lib/thumb/v6-m\libc.a(lib_a-__atexit.o)
 .ARM.attributes
                0x00000730       0x1e c:/ac6/systemworkbench/plugins/fr.ac6.mcu.externaltools.arm-none.win32_1.17.0.201812190825/tools/compiler/bin/../lib/gcc/arm-none-eabi/7.3.1/thumb/v6-m/crtn.o
OUTPUT(06_temperature_sensor.elf elf32-littlearm)

.debug_info     0x00000000     0x312c
 .debug_info    0x00000000     0x1754 src/main.o
 .debug_info    0x00001754      0x382 src/system_stm32l0xx.o
 .debug_info    0x00001ad6       0x22 startup/startup_stm32l073xx.o
 .debug_info    0x00001af8      0x765 C:\Users\Besitzer\Documents\Studium\WiSe2020\01_Labor Datentechnik\Workspace\lcd_shield_lib\Debug\liblcd_shield_lib.a(lcd_shield.o)
 .debug_info    0x0000225d      0x204 C:\Users\Besitzer\Documents\Studium\WiSe2020\01_Labor Datentechnik\Workspace\lcd_shield_lib\Debug\liblcd_shield_lib.a(mcp23017.o)
 .debug_info    0x00002461      0x545 C:\Users\Besitzer\Documents\Studium\WiSe2020\01_Labor Datentechnik\Workspace\lcd_shield_lib\Debug\liblcd_shield_lib.a(systick.o)
 .debug_info    0x000029a6      0x349 C:\Users\Besitzer\Documents\Studium\WiSe2020\01_Labor Datentechnik\Workspace\lcd_shield_lib\Debug\liblcd_shield_lib.a(clock.o)
 .debug_info    0x00002cef      0x43d C:\Users\Besitzer\Documents\Studium\WiSe2020\01_Labor Datentechnik\Workspace\lcd_shield_lib\Debug\liblcd_shield_lib.a(i2c.o)

.debug_abbrev   0x00000000      0xaa3
 .debug_abbrev  0x00000000      0x3a5 src/main.o
 .debug_abbrev  0x000003a5      0x100 src/system_stm32l0xx.o
 .debug_abbrev  0x000004a5       0x12 startup/startup_stm32l073xx.o
 .debug_abbrev  0x000004b7      0x141 C:\Users\Besitzer\Documents\Studium\WiSe2020\01_Labor Datentechnik\Workspace\lcd_shield_lib\Debug\liblcd_shield_lib.a(lcd_shield.o)
 .debug_abbrev  0x000005f8       0xe2 C:\Users\Besitzer\Documents\Studium\WiSe2020\01_Labor Datentechnik\Workspace\lcd_shield_lib\Debug\liblcd_shield_lib.a(mcp23017.o)
 .debug_abbrev  0x000006da      0x1da C:\Users\Besitzer\Documents\Studium\WiSe2020\01_Labor Datentechnik\Workspace\lcd_shield_lib\Debug\liblcd_shield_lib.a(systick.o)
 .debug_abbrev  0x000008b4       0xd9 C:\Users\Besitzer\Documents\Studium\WiSe2020\01_Labor Datentechnik\Workspace\lcd_shield_lib\Debug\liblcd_shield_lib.a(clock.o)
 .debug_abbrev  0x0000098d      0x116 C:\Users\Besitzer\Documents\Studium\WiSe2020\01_Labor Datentechnik\Workspace\lcd_shield_lib\Debug\liblcd_shield_lib.a(i2c.o)

.debug_loc      0x00000000      0x8a1
 .debug_loc     0x00000000      0x212 src/main.o
 .debug_loc     0x00000212      0x1a2 src/system_stm32l0xx.o
 .debug_loc     0x000003b4      0x249 C:\Users\Besitzer\Documents\Studium\WiSe2020\01_Labor Datentechnik\Workspace\lcd_shield_lib\Debug\liblcd_shield_lib.a(lcd_shield.o)
 .debug_loc     0x000005fd       0x7b C:\Users\Besitzer\Documents\Studium\WiSe2020\01_Labor Datentechnik\Workspace\lcd_shield_lib\Debug\liblcd_shield_lib.a(mcp23017.o)
 .debug_loc     0x00000678       0x9f C:\Users\Besitzer\Documents\Studium\WiSe2020\01_Labor Datentechnik\Workspace\lcd_shield_lib\Debug\liblcd_shield_lib.a(systick.o)
 .debug_loc     0x00000717      0x18a C:\Users\Besitzer\Documents\Studium\WiSe2020\01_Labor Datentechnik\Workspace\lcd_shield_lib\Debug\liblcd_shield_lib.a(i2c.o)

.debug_aranges  0x00000000      0x208
 .debug_aranges
                0x00000000       0x80 src/main.o
 .debug_aranges
                0x00000080       0x28 src/system_stm32l0xx.o
 .debug_aranges
                0x000000a8       0x28 startup/startup_stm32l073xx.o
 .debug_aranges
                0x000000d0       0x88 C:\Users\Besitzer\Documents\Studium\WiSe2020\01_Labor Datentechnik\Workspace\lcd_shield_lib\Debug\liblcd_shield_lib.a(lcd_shield.o)
 .debug_aranges
                0x00000158       0x28 C:\Users\Besitzer\Documents\Studium\WiSe2020\01_Labor Datentechnik\Workspace\lcd_shield_lib\Debug\liblcd_shield_lib.a(mcp23017.o)
 .debug_aranges
                0x00000180       0x40 C:\Users\Besitzer\Documents\Studium\WiSe2020\01_Labor Datentechnik\Workspace\lcd_shield_lib\Debug\liblcd_shield_lib.a(systick.o)
 .debug_aranges
                0x000001c0       0x20 C:\Users\Besitzer\Documents\Studium\WiSe2020\01_Labor Datentechnik\Workspace\lcd_shield_lib\Debug\liblcd_shield_lib.a(clock.o)
 .debug_aranges
                0x000001e0       0x28 C:\Users\Besitzer\Documents\Studium\WiSe2020\01_Labor Datentechnik\Workspace\lcd_shield_lib\Debug\liblcd_shield_lib.a(i2c.o)

.debug_ranges   0x00000000      0x1c0
 .debug_ranges  0x00000000       0xa0 src/main.o
 .debug_ranges  0x000000a0       0x18 src/system_stm32l0xx.o
 .debug_ranges  0x000000b8       0x20 startup/startup_stm32l073xx.o
 .debug_ranges  0x000000d8       0x78 C:\Users\Besitzer\Documents\Studium\WiSe2020\01_Labor Datentechnik\Workspace\lcd_shield_lib\Debug\liblcd_shield_lib.a(lcd_shield.o)
 .debug_ranges  0x00000150       0x18 C:\Users\Besitzer\Documents\Studium\WiSe2020\01_Labor Datentechnik\Workspace\lcd_shield_lib\Debug\liblcd_shield_lib.a(mcp23017.o)
 .debug_ranges  0x00000168       0x30 C:\Users\Besitzer\Documents\Studium\WiSe2020\01_Labor Datentechnik\Workspace\lcd_shield_lib\Debug\liblcd_shield_lib.a(systick.o)
 .debug_ranges  0x00000198       0x10 C:\Users\Besitzer\Documents\Studium\WiSe2020\01_Labor Datentechnik\Workspace\lcd_shield_lib\Debug\liblcd_shield_lib.a(clock.o)
 .debug_ranges  0x000001a8       0x18 C:\Users\Besitzer\Documents\Studium\WiSe2020\01_Labor Datentechnik\Workspace\lcd_shield_lib\Debug\liblcd_shield_lib.a(i2c.o)

.debug_macro    0x00000000     0xcd0d
 .debug_macro   0x00000000      0x23d src/main.o
 .debug_macro   0x0000023d      0xa54 src/main.o
 .debug_macro   0x00000c91       0x28 src/main.o
 .debug_macro   0x00000cb9       0x28 src/main.o
 .debug_macro   0x00000ce1       0x22 src/main.o
 .debug_macro   0x00000d03       0x56 src/main.o
 .debug_macro   0x00000d59       0x51 src/main.o
 .debug_macro   0x00000daa       0xef src/main.o
 .debug_macro   0x00000e99       0x6a src/main.o
 .debug_macro   0x00000f03      0x1df src/main.o
 .debug_macro   0x000010e2       0x34 src/main.o
 .debug_macro   0x00001116       0x26 src/main.o
 .debug_macro   0x0000113c      0x44f src/main.o
 .debug_macro   0x0000158b     0xa43e src/main.o
 .debug_macro   0x0000b9c9       0x3c src/main.o
 .debug_macro   0x0000ba05       0x28 src/main.o
 .debug_macro   0x0000ba2d       0x5e src/main.o
 .debug_macro   0x0000ba8b       0x18 src/main.o
 .debug_macro   0x0000baa3       0x35 src/main.o
 .debug_macro   0x0000bad8       0x34 src/main.o
 .debug_macro   0x0000bb0c       0x16 src/main.o
 .debug_macro   0x0000bb22       0x97 src/main.o
 .debug_macro   0x0000bbb9      0x353 src/main.o
 .debug_macro   0x0000bf0c       0xf6 src/main.o
 .debug_macro   0x0000c002       0x10 src/main.o
 .debug_macro   0x0000c012       0x58 src/main.o
 .debug_macro   0x0000c06a       0x1f src/main.o
 .debug_macro   0x0000c089       0x43 src/main.o
 .debug_macro   0x0000c0cc       0x20 src/main.o
 .debug_macro   0x0000c0ec      0x18e src/main.o
 .debug_macro   0x0000c27a       0x10 src/main.o
 .debug_macro   0x0000c28a       0xb6 src/main.o
 .debug_macro   0x0000c340       0x16 src/main.o
 .debug_macro   0x0000c356      0x129 src/main.o
 .debug_macro   0x0000c47f       0x16 src/main.o
 .debug_macro   0x0000c495       0x35 src/main.o
 .debug_macro   0x0000c4ca       0x22 src/main.o
 .debug_macro   0x0000c4ec       0x16 src/main.o
 .debug_macro   0x0000c502       0xde src/main.o
 .debug_macro   0x0000c5e0       0xd5 src/system_stm32l0xx.o
 .debug_macro   0x0000c6b5      0x1a0 C:\Users\Besitzer\Documents\Studium\WiSe2020\01_Labor Datentechnik\Workspace\lcd_shield_lib\Debug\liblcd_shield_lib.a(lcd_shield.o)
 .debug_macro   0x0000c855       0x22 C:\Users\Besitzer\Documents\Studium\WiSe2020\01_Labor Datentechnik\Workspace\lcd_shield_lib\Debug\liblcd_shield_lib.a(lcd_shield.o)
 .debug_macro   0x0000c877      0x16d C:\Users\Besitzer\Documents\Studium\WiSe2020\01_Labor Datentechnik\Workspace\lcd_shield_lib\Debug\liblcd_shield_lib.a(lcd_shield.o)
 .debug_macro   0x0000c9e4       0x99 C:\Users\Besitzer\Documents\Studium\WiSe2020\01_Labor Datentechnik\Workspace\lcd_shield_lib\Debug\liblcd_shield_lib.a(mcp23017.o)
 .debug_macro   0x0000ca7d       0xcb C:\Users\Besitzer\Documents\Studium\WiSe2020\01_Labor Datentechnik\Workspace\lcd_shield_lib\Debug\liblcd_shield_lib.a(systick.o)
 .debug_macro   0x0000cb48       0x3a C:\Users\Besitzer\Documents\Studium\WiSe2020\01_Labor Datentechnik\Workspace\lcd_shield_lib\Debug\liblcd_shield_lib.a(systick.o)
 .debug_macro   0x0000cb82       0xb8 C:\Users\Besitzer\Documents\Studium\WiSe2020\01_Labor Datentechnik\Workspace\lcd_shield_lib\Debug\liblcd_shield_lib.a(clock.o)
 .debug_macro   0x0000cc3a       0xd3 C:\Users\Besitzer\Documents\Studium\WiSe2020\01_Labor Datentechnik\Workspace\lcd_shield_lib\Debug\liblcd_shield_lib.a(i2c.o)

.debug_line     0x00000000     0x2200
 .debug_line    0x00000000      0x758 src/main.o
 .debug_line    0x00000758      0x45e src/system_stm32l0xx.o
 .debug_line    0x00000bb6       0x83 startup/startup_stm32l073xx.o
 .debug_line    0x00000c39      0x4c9 C:\Users\Besitzer\Documents\Studium\WiSe2020\01_Labor Datentechnik\Workspace\lcd_shield_lib\Debug\liblcd_shield_lib.a(lcd_shield.o)
 .debug_line    0x00001102      0x31e C:\Users\Besitzer\Documents\Studium\WiSe2020\01_Labor Datentechnik\Workspace\lcd_shield_lib\Debug\liblcd_shield_lib.a(mcp23017.o)
 .debug_line    0x00001420      0x503 C:\Users\Besitzer\Documents\Studium\WiSe2020\01_Labor Datentechnik\Workspace\lcd_shield_lib\Debug\liblcd_shield_lib.a(systick.o)
 .debug_line    0x00001923      0x424 C:\Users\Besitzer\Documents\Studium\WiSe2020\01_Labor Datentechnik\Workspace\lcd_shield_lib\Debug\liblcd_shield_lib.a(clock.o)
 .debug_line    0x00001d47      0x4b9 C:\Users\Besitzer\Documents\Studium\WiSe2020\01_Labor Datentechnik\Workspace\lcd_shield_lib\Debug\liblcd_shield_lib.a(i2c.o)

.debug_str      0x00000000    0x4358f
 .debug_str     0x00000000    0x42b02 src/main.o
                              0x42e4b (size before relaxing)
 .debug_str     0x00042b02       0xf5 src/system_stm32l0xx.o
                              0x3ecb9 (size before relaxing)
 .debug_str     0x00042bf7       0x2f startup/startup_stm32l073xx.o
                                 0x98 (size before relaxing)
 .debug_str     0x00042c26      0x786 C:\Users\Besitzer\Documents\Studium\WiSe2020\01_Labor Datentechnik\Workspace\lcd_shield_lib\Debug\liblcd_shield_lib.a(lcd_shield.o)
                               0x465a (size before relaxing)
 .debug_str     0x000433ac       0x71 C:\Users\Besitzer\Documents\Studium\WiSe2020\01_Labor Datentechnik\Workspace\lcd_shield_lib\Debug\liblcd_shield_lib.a(mcp23017.o)
                               0x404b (size before relaxing)
 .debug_str     0x0004341d       0xa0 C:\Users\Besitzer\Documents\Studium\WiSe2020\01_Labor Datentechnik\Workspace\lcd_shield_lib\Debug\liblcd_shield_lib.a(systick.o)
                              0x3ee5c (size before relaxing)
 .debug_str     0x000434bd       0x5c C:\Users\Besitzer\Documents\Studium\WiSe2020\01_Labor Datentechnik\Workspace\lcd_shield_lib\Debug\liblcd_shield_lib.a(clock.o)
                              0x3e984 (size before relaxing)
 .debug_str     0x00043519       0x76 C:\Users\Besitzer\Documents\Studium\WiSe2020\01_Labor Datentechnik\Workspace\lcd_shield_lib\Debug\liblcd_shield_lib.a(i2c.o)
                              0x3efde (size before relaxing)

.comment        0x00000000       0x7f
 .comment       0x00000000       0x7f src/main.o
                                 0x80 (size before relaxing)
 .comment       0x0000007f       0x80 src/system_stm32l0xx.o
 .comment       0x0000007f       0x80 C:\Users\Besitzer\Documents\Studium\WiSe2020\01_Labor Datentechnik\Workspace\lcd_shield_lib\Debug\liblcd_shield_lib.a(lcd_shield.o)
 .comment       0x0000007f       0x80 C:\Users\Besitzer\Documents\Studium\WiSe2020\01_Labor Datentechnik\Workspace\lcd_shield_lib\Debug\liblcd_shield_lib.a(mcp23017.o)
 .comment       0x0000007f       0x80 C:\Users\Besitzer\Documents\Studium\WiSe2020\01_Labor Datentechnik\Workspace\lcd_shield_lib\Debug\liblcd_shield_lib.a(systick.o)
 .comment       0x0000007f       0x80 C:\Users\Besitzer\Documents\Studium\WiSe2020\01_Labor Datentechnik\Workspace\lcd_shield_lib\Debug\liblcd_shield_lib.a(clock.o)
 .comment       0x0000007f       0x80 C:\Users\Besitzer\Documents\Studium\WiSe2020\01_Labor Datentechnik\Workspace\lcd_shield_lib\Debug\liblcd_shield_lib.a(i2c.o)

.debug_frame    0x00000000      0x9f4
 .debug_frame   0x00000000      0x134 src/main.o
 .debug_frame   0x00000134       0x38 src/system_stm32l0xx.o
 .debug_frame   0x0000016c      0x16c C:\Users\Besitzer\Documents\Studium\WiSe2020\01_Labor Datentechnik\Workspace\lcd_shield_lib\Debug\liblcd_shield_lib.a(lcd_shield.o)
 .debug_frame   0x000002d8       0x48 C:\Users\Besitzer\Documents\Studium\WiSe2020\01_Labor Datentechnik\Workspace\lcd_shield_lib\Debug\liblcd_shield_lib.a(mcp23017.o)
 .debug_frame   0x00000320       0x6c C:\Users\Besitzer\Documents\Studium\WiSe2020\01_Labor Datentechnik\Workspace\lcd_shield_lib\Debug\liblcd_shield_lib.a(systick.o)
 .debug_frame   0x0000038c       0x28 C:\Users\Besitzer\Documents\Studium\WiSe2020\01_Labor Datentechnik\Workspace\lcd_shield_lib\Debug\liblcd_shield_lib.a(clock.o)
 .debug_frame   0x000003b4       0x44 C:\Users\Besitzer\Documents\Studium\WiSe2020\01_Labor Datentechnik\Workspace\lcd_shield_lib\Debug\liblcd_shield_lib.a(i2c.o)
 .debug_frame   0x000003f8       0x38 c:/ac6/systemworkbench/plugins/fr.ac6.mcu.externaltools.arm-none.win32_1.17.0.201812190825/tools/compiler/bin/../lib/gcc/arm-none-eabi/7.3.1/../../../../arm-none-eabi/lib/thumb/v6-m\libm.a(lib_a-w_log10.o)
 .debug_frame   0x00000430       0x38 c:/ac6/systemworkbench/plugins/fr.ac6.mcu.externaltools.arm-none.win32_1.17.0.201812190825/tools/compiler/bin/../lib/gcc/arm-none-eabi/7.3.1/../../../../arm-none-eabi/lib/thumb/v6-m\libm.a(lib_a-e_log10.o)
 .debug_frame   0x00000468       0x20 c:/ac6/systemworkbench/plugins/fr.ac6.mcu.externaltools.arm-none.win32_1.17.0.201812190825/tools/compiler/bin/../lib/gcc/arm-none-eabi/7.3.1/../../../../arm-none-eabi/lib/thumb/v6-m\libm.a(lib_a-s_matherr.o)
 .debug_frame   0x00000488       0x20 c:/ac6/systemworkbench/plugins/fr.ac6.mcu.externaltools.arm-none.win32_1.17.0.201812190825/tools/compiler/bin/../lib/gcc/arm-none-eabi/7.3.1/../../../../arm-none-eabi/lib/thumb/v6-m\libm.a(lib_a-s_nan.o)
 .debug_frame   0x000004a8       0x3c c:/ac6/systemworkbench/plugins/fr.ac6.mcu.externaltools.arm-none.win32_1.17.0.201812190825/tools/compiler/bin/../lib/gcc/arm-none-eabi/7.3.1/../../../../arm-none-eabi/lib/thumb/v6-m\libm.a(lib_a-e_log.o)
 .debug_frame   0x000004e4       0x20 c:/ac6/systemworkbench/plugins/fr.ac6.mcu.externaltools.arm-none.win32_1.17.0.201812190825/tools/compiler/bin/../lib/gcc/arm-none-eabi/7.3.1/thumb/v6-m\libgcc.a(_udivsi3.o)
 .debug_frame   0x00000504       0x20 c:/ac6/systemworkbench/plugins/fr.ac6.mcu.externaltools.arm-none.win32_1.17.0.201812190825/tools/compiler/bin/../lib/gcc/arm-none-eabi/7.3.1/thumb/v6-m\libgcc.a(_divsi3.o)
 .debug_frame   0x00000524       0x38 c:/ac6/systemworkbench/plugins/fr.ac6.mcu.externaltools.arm-none.win32_1.17.0.201812190825/tools/compiler/bin/../lib/gcc/arm-none-eabi/7.3.1/thumb/v6-m\libgcc.a(adddf3.o)
 .debug_frame   0x0000055c       0x3c c:/ac6/systemworkbench/plugins/fr.ac6.mcu.externaltools.arm-none.win32_1.17.0.201812190825/tools/compiler/bin/../lib/gcc/arm-none-eabi/7.3.1/thumb/v6-m\libgcc.a(divdf3.o)
 .debug_frame   0x00000598       0x38 c:/ac6/systemworkbench/plugins/fr.ac6.mcu.externaltools.arm-none.win32_1.17.0.201812190825/tools/compiler/bin/../lib/gcc/arm-none-eabi/7.3.1/thumb/v6-m\libgcc.a(eqdf2.o)
 .debug_frame   0x000005d0       0x38 c:/ac6/systemworkbench/plugins/fr.ac6.mcu.externaltools.arm-none.win32_1.17.0.201812190825/tools/compiler/bin/../lib/gcc/arm-none-eabi/7.3.1/thumb/v6-m\libgcc.a(gedf2.o)
 .debug_frame   0x00000608       0x38 c:/ac6/systemworkbench/plugins/fr.ac6.mcu.externaltools.arm-none.win32_1.17.0.201812190825/tools/compiler/bin/../lib/gcc/arm-none-eabi/7.3.1/thumb/v6-m\libgcc.a(ledf2.o)
 .debug_frame   0x00000640       0x3c c:/ac6/systemworkbench/plugins/fr.ac6.mcu.externaltools.arm-none.win32_1.17.0.201812190825/tools/compiler/bin/../lib/gcc/arm-none-eabi/7.3.1/thumb/v6-m\libgcc.a(muldf3.o)
 .debug_frame   0x0000067c       0x3c c:/ac6/systemworkbench/plugins/fr.ac6.mcu.externaltools.arm-none.win32_1.17.0.201812190825/tools/compiler/bin/../lib/gcc/arm-none-eabi/7.3.1/thumb/v6-m\libgcc.a(subdf3.o)
 .debug_frame   0x000006b8       0x2c c:/ac6/systemworkbench/plugins/fr.ac6.mcu.externaltools.arm-none.win32_1.17.0.201812190825/tools/compiler/bin/../lib/gcc/arm-none-eabi/7.3.1/thumb/v6-m\libgcc.a(unorddf2.o)
 .debug_frame   0x000006e4       0x2c c:/ac6/systemworkbench/plugins/fr.ac6.mcu.externaltools.arm-none.win32_1.17.0.201812190825/tools/compiler/bin/../lib/gcc/arm-none-eabi/7.3.1/thumb/v6-m\libgcc.a(fixdfsi.o)
 .debug_frame   0x00000710       0x2c c:/ac6/systemworkbench/plugins/fr.ac6.mcu.externaltools.arm-none.win32_1.17.0.201812190825/tools/compiler/bin/../lib/gcc/arm-none-eabi/7.3.1/thumb/v6-m\libgcc.a(floatsidf.o)
 .debug_frame   0x0000073c       0x20 c:/ac6/systemworkbench/plugins/fr.ac6.mcu.externaltools.arm-none.win32_1.17.0.201812190825/tools/compiler/bin/../lib/gcc/arm-none-eabi/7.3.1/../../../../arm-none-eabi/lib/thumb/v6-m\libc.a(lib_a-errno.o)
 .debug_frame   0x0000075c       0x2c c:/ac6/systemworkbench/plugins/fr.ac6.mcu.externaltools.arm-none.win32_1.17.0.201812190825/tools/compiler/bin/../lib/gcc/arm-none-eabi/7.3.1/../../../../arm-none-eabi/lib/thumb/v6-m\libc.a(lib_a-init.o)
 .debug_frame   0x00000788       0x40 c:/ac6/systemworkbench/plugins/fr.ac6.mcu.externaltools.arm-none.win32_1.17.0.201812190825/tools/compiler/bin/../lib/gcc/arm-none-eabi/7.3.1/../../../../arm-none-eabi/lib/thumb/v6-m\libc.a(lib_a-itoa.o)
 .debug_frame   0x000007c8       0x20 c:/ac6/systemworkbench/plugins/fr.ac6.mcu.externaltools.arm-none.win32_1.17.0.201812190825/tools/compiler/bin/../lib/gcc/arm-none-eabi/7.3.1/../../../../arm-none-eabi/lib/thumb/v6-m\libc.a(lib_a-strcpy.o)
 .debug_frame   0x000007e8       0x28 c:/ac6/systemworkbench/plugins/fr.ac6.mcu.externaltools.arm-none.win32_1.17.0.201812190825/tools/compiler/bin/../lib/gcc/arm-none-eabi/7.3.1/../../../../arm-none-eabi/lib/thumb/v6-m\libc.a(lib_a-strlen-stub.o)
 .debug_frame   0x00000810       0x50 c:/ac6/systemworkbench/plugins/fr.ac6.mcu.externaltools.arm-none.win32_1.17.0.201812190825/tools/compiler/bin/../lib/gcc/arm-none-eabi/7.3.1/../../../../arm-none-eabi/lib/thumb/v6-m\libc.a(lib_a-utoa.o)
 .debug_frame   0x00000860       0x54 c:/ac6/systemworkbench/plugins/fr.ac6.mcu.externaltools.arm-none.win32_1.17.0.201812190825/tools/compiler/bin/../lib/gcc/arm-none-eabi/7.3.1/../../../../arm-none-eabi/lib/thumb/v6-m\libc.a(lib_a-__call_atexit.o)
 .debug_frame   0x000008b4       0x28 c:/ac6/systemworkbench/plugins/fr.ac6.mcu.externaltools.arm-none.win32_1.17.0.201812190825/tools/compiler/bin/../lib/gcc/arm-none-eabi/7.3.1/../../../../arm-none-eabi/lib/thumb/v6-m\libc.a(lib_a-atexit.o)
 .debug_frame   0x000008dc       0x2c c:/ac6/systemworkbench/plugins/fr.ac6.mcu.externaltools.arm-none.win32_1.17.0.201812190825/tools/compiler/bin/../lib/gcc/arm-none-eabi/7.3.1/../../../../arm-none-eabi/lib/thumb/v6-m\libc.a(lib_a-fini.o)
 .debug_frame   0x00000908       0xb0 c:/ac6/systemworkbench/plugins/fr.ac6.mcu.externaltools.arm-none.win32_1.17.0.201812190825/tools/compiler/bin/../lib/gcc/arm-none-eabi/7.3.1/../../../../arm-none-eabi/lib/thumb/v6-m\libc.a(lib_a-lock.o)
 .debug_frame   0x000009b8       0x3c c:/ac6/systemworkbench/plugins/fr.ac6.mcu.externaltools.arm-none.win32_1.17.0.201812190825/tools/compiler/bin/../lib/gcc/arm-none-eabi/7.3.1/../../../../arm-none-eabi/lib/thumb/v6-m\libc.a(lib_a-__atexit.o)
